Archive member included to satisfy reference by file (symbol)

c:/program files (x86)/gnu tools arm embedded/5.4 2016q3/bin/../lib/gcc/arm-none-eabi/5.4.1/armv7-m\libgcc.a(_arm_addsubdf3.o)
                              ..\obj\main.o (__aeabi_i2d)
c:/program files (x86)/gnu tools arm embedded/5.4 2016q3/bin/../lib/gcc/arm-none-eabi/5.4.1/armv7-m\libgcc.a(_arm_muldivdf3.o)
                              ..\obj\main.o (__aeabi_ddiv)
c:/program files (x86)/gnu tools arm embedded/5.4 2016q3/bin/../lib/gcc/arm-none-eabi/5.4.1/armv7-m\libgcc.a(_arm_truncdfsf2.o)
                              ..\obj\main.o (__aeabi_d2f)
c:/program files (x86)/gnu tools arm embedded/5.4 2016q3/bin/../lib/gcc/arm-none-eabi/5.4.1/../../../../arm-none-eabi/lib/armv7-m\libg.a(lib_a-memset.o)
                              ..\obj\ssd1306.o (memset)
c:/program files (x86)/gnu tools arm embedded/5.4 2016q3/bin/../lib/gcc/arm-none-eabi/5.4.1/../../../../arm-none-eabi/lib/armv7-m\libg.a(lib_a-sprintf.o)
                              ..\obj\main.o (sprintf)
c:/program files (x86)/gnu tools arm embedded/5.4 2016q3/bin/../lib/gcc/arm-none-eabi/5.4.1/../../../../arm-none-eabi/lib/armv7-m\libg.a(lib_a-strlen-stub.o)
                              ..\obj\fonts.o (strlen)
c:/program files (x86)/gnu tools arm embedded/5.4 2016q3/bin/../lib/gcc/arm-none-eabi/5.4.1/../../../../arm-none-eabi/lib/armv7-m\libg.a(lib_a-svfprintf.o)
                              c:/program files (x86)/gnu tools arm embedded/5.4 2016q3/bin/../lib/gcc/arm-none-eabi/5.4.1/../../../../arm-none-eabi/lib/armv7-m\libg.a(lib_a-sprintf.o) (_svfprintf_r)
c:/program files (x86)/gnu tools arm embedded/5.4 2016q3/bin/../lib/gcc/arm-none-eabi/5.4.1/../../../../arm-none-eabi/lib/armv7-m\libg.a(lib_a-dtoa.o)
                              c:/program files (x86)/gnu tools arm embedded/5.4 2016q3/bin/../lib/gcc/arm-none-eabi/5.4.1/../../../../arm-none-eabi/lib/armv7-m\libg.a(lib_a-svfprintf.o) (_dtoa_r)
c:/program files (x86)/gnu tools arm embedded/5.4 2016q3/bin/../lib/gcc/arm-none-eabi/5.4.1/../../../../arm-none-eabi/lib/armv7-m\libg.a(lib_a-impure.o)
                              c:/program files (x86)/gnu tools arm embedded/5.4 2016q3/bin/../lib/gcc/arm-none-eabi/5.4.1/../../../../arm-none-eabi/lib/armv7-m\libg.a(lib_a-sprintf.o) (_impure_ptr)
c:/program files (x86)/gnu tools arm embedded/5.4 2016q3/bin/../lib/gcc/arm-none-eabi/5.4.1/../../../../arm-none-eabi/lib/armv7-m\libg.a(lib_a-localeconv.o)
                              c:/program files (x86)/gnu tools arm embedded/5.4 2016q3/bin/../lib/gcc/arm-none-eabi/5.4.1/../../../../arm-none-eabi/lib/armv7-m\libg.a(lib_a-svfprintf.o) (_localeconv_r)
c:/program files (x86)/gnu tools arm embedded/5.4 2016q3/bin/../lib/gcc/arm-none-eabi/5.4.1/../../../../arm-none-eabi/lib/armv7-m\libg.a(lib_a-mallocr.o)
                              c:/program files (x86)/gnu tools arm embedded/5.4 2016q3/bin/../lib/gcc/arm-none-eabi/5.4.1/../../../../arm-none-eabi/lib/armv7-m\libg.a(lib_a-svfprintf.o) (_malloc_r)
c:/program files (x86)/gnu tools arm embedded/5.4 2016q3/bin/../lib/gcc/arm-none-eabi/5.4.1/../../../../arm-none-eabi/lib/armv7-m\libg.a(lib_a-memchr-stub.o)
                              c:/program files (x86)/gnu tools arm embedded/5.4 2016q3/bin/../lib/gcc/arm-none-eabi/5.4.1/../../../../arm-none-eabi/lib/armv7-m\libg.a(lib_a-svfprintf.o) (memchr)
c:/program files (x86)/gnu tools arm embedded/5.4 2016q3/bin/../lib/gcc/arm-none-eabi/5.4.1/../../../../arm-none-eabi/lib/armv7-m\libg.a(lib_a-memcpy.o)
                              c:/program files (x86)/gnu tools arm embedded/5.4 2016q3/bin/../lib/gcc/arm-none-eabi/5.4.1/../../../../arm-none-eabi/lib/armv7-m\libg.a(lib_a-dtoa.o) (memcpy)
c:/program files (x86)/gnu tools arm embedded/5.4 2016q3/bin/../lib/gcc/arm-none-eabi/5.4.1/../../../../arm-none-eabi/lib/armv7-m\libg.a(lib_a-mlock.o)
                              c:/program files (x86)/gnu tools arm embedded/5.4 2016q3/bin/../lib/gcc/arm-none-eabi/5.4.1/../../../../arm-none-eabi/lib/armv7-m\libg.a(lib_a-mallocr.o) (__malloc_lock)
c:/program files (x86)/gnu tools arm embedded/5.4 2016q3/bin/../lib/gcc/arm-none-eabi/5.4.1/../../../../arm-none-eabi/lib/armv7-m\libg.a(lib_a-mprec.o)
                              c:/program files (x86)/gnu tools arm embedded/5.4 2016q3/bin/../lib/gcc/arm-none-eabi/5.4.1/../../../../arm-none-eabi/lib/armv7-m\libg.a(lib_a-dtoa.o) (_Balloc)
c:/program files (x86)/gnu tools arm embedded/5.4 2016q3/bin/../lib/gcc/arm-none-eabi/5.4.1/../../../../arm-none-eabi/lib/armv7-m\libg.a(lib_a-sbrkr.o)
                              c:/program files (x86)/gnu tools arm embedded/5.4 2016q3/bin/../lib/gcc/arm-none-eabi/5.4.1/../../../../arm-none-eabi/lib/armv7-m\libg.a(lib_a-mallocr.o) (_sbrk_r)
c:/program files (x86)/gnu tools arm embedded/5.4 2016q3/bin/../lib/gcc/arm-none-eabi/5.4.1/../../../../arm-none-eabi/lib/armv7-m\libg.a(lib_a-svfiprintf.o)
[...]
Memory Configuration

Name             Origin             Length             Attributes
rom              0x08000000         0x00010000         xr
ram              0x20000000         0x00005000         xrw
*default*        0x00000000         0xffffffff

Linker script and memory map

                0x20005000                _eram = 0x20005000

.text           0x08000000     0x9f89
 *(.isr_vector)
 .isr_vector    0x08000000      0x10c ..\obj\startup_stm32f10x_md.o
                0x08000000                g_pfnVectors
 *(.text*)
 .text.TIM_TimeBaseInit
                0x0800010c       0xf8 ..\obj\stm32f10x_tim.o
                0x0800010c                TIM_TimeBaseInit
 .text.TIM_TimeBaseStructInit
                0x08000204       0x34 ..\obj\stm32f10x_tim.o
                0x08000204                TIM_TimeBaseStructInit
 .text.TIM_Cmd  0x08000238       0x40 ..\obj\stm32f10x_tim.o
                0x08000238                TIM_Cmd
 .text.TIM_ITConfig
                0x08000278       0x48 ..\obj\stm32f10x_tim.o
                0x08000278                TIM_ITConfig
 .text.TIM_GetITStatus
                0x080002c0       0x54 ..\obj\stm32f10x_tim.o
                0x080002c0                TIM_GetITStatus
 .text.TIM_ClearITPendingBit
                0x08000314       0x20 ..\obj\stm32f10x_tim.o
                0x08000314                TIM_ClearITPendingBit
 .text.SystemInit
                0x08000334       0x68 ..\obj\system_stm32f10x.o
                0x08000334                SystemInit
 .text.SetSysClock
                0x0800039c        0xc ..\obj\system_stm32f10x.o
 .text.SetSysClockTo72
                0x080003a8      0x100 ..\obj\system_stm32f10x.o
 .text.Default_Reset_Handler
                0x080004a8       0x60 ..\obj\startup_stm32f10x_md.o
                0x080004a8                Default_Reset_Handler
                0x080004a8                Reset_Handler
 .text.Default_Handler
                0x08000508        0x8 ..\obj\startup_stm32f10x_md.o
                0x08000508                EXTI2_IRQHandler
                0x08000508                DebugMon_Handler
                0x08000508                TIM1_CC_IRQHandler
                0x08000508                HardFault_Handler
                0x08000508                SysTick_Handler
                0x08000508                PVD_IRQHandler
                0x08000508                PendSV_Handler
                0x08000508                NMI_Handler
                0x08000508                EXTI3_IRQHandler
                0x08000508                EXTI0_IRQHandler
                0x08000508                I2C2_EV_IRQHandler
                0x08000508                UsageFault_Handler
                0x08000508                ADC1_2_IRQHandler
                0x08000508                SPI1_IRQHandler
                0x08000508                TAMPER_IRQHandler
                0x08000508                DMA1_Channel4_IRQHandler
                0x08000508                USART3_IRQHandler
                0x08000508                RTC_IRQHandler
                0x08000508                DMA1_Channel7_IRQHandler
                0x08000508                I2C1_EV_IRQHandler
                0x08000508                DMA1_Channel6_IRQHandler
                0x08000508                RCC_IRQHandler
                0x08000508                TIM1_TRG_COM_IRQHandler
                0x08000508                DMA1_Channel1_IRQHandler
                0x08000508                EXTI15_10_IRQHandler
                0x08000508                EXTI9_5_IRQHandler
                0x08000508                SPI2_IRQHandler
                0x08000508                MemManage_Handler
                0x08000508                SVC_Handler
                0x08000508                DMA1_Channel5_IRQHandler
                0x08000508                EXTI4_IRQHandler
                0x08000508                USB_HP_CAN1_TX_IRQHandler
                0x08000508                DMA1_Channel3_IRQHandler
                0x08000508                TIM1_UP_IRQHandler
                0x08000508                WWDG_IRQHandler
                0x08000508                TIM2_IRQHandler
                0x08000508                TIM1_BRK_IRQHandler
                0x08000508                EXTI1_IRQHandler
                0x08000508                RTCAlarm_IRQHandler
                0x08000508                USART2_IRQHandler
                0x08000508                I2C2_ER_IRQHandler
                0x08000508                DMA1_Channel2_IRQHandler
                0x08000508                CAN1_SCE_IRQHandler
                0x08000508                FLASH_IRQHandler
                0x08000508                BusFault_Handler
                0x08000508                USART1_IRQHandler
                0x08000508                I2C1_ER_IRQHandler
                0x08000508                USBWakeUp_IRQHandler
 .text.CAN_DeInit
                0x08000510       0x48 ..\obj\stm32f10x_can.o
                0x08000510                CAN_DeInit
 .text.CAN_Init
                0x08000558      0x1a0 ..\obj\stm32f10x_can.o
                0x08000558                CAN_Init
 .text.CAN_FilterInit
                0x080006f8      0x174 ..\obj\stm32f10x_can.o
                0x080006f8                CAN_FilterInit
 .text.CAN_StructInit
                0x0800086c       0x54 ..\obj\stm32f10x_can.o
                0x0800086c                CAN_StructInit
 .text.CAN_Transmit
                0x080008c0      0x194 ..\obj\stm32f10x_can.o
                0x080008c0                CAN_Transmit
 .text.CAN_Receive
                0x08000a54      0x174 ..\obj\stm32f10x_can.o
                0x08000a54                CAN_Receive
 .text.CAN_ITConfig
                0x08000bc8       0x3c ..\obj\stm32f10x_can.o
                0x08000bc8                CAN_ITConfig
 .text.CAN_GetITStatus
                0x08000c04      0x194 ..\obj\stm32f10x_can.o
                0x08000c04                CAN_GetITStatus
 .text.CheckITStatus
                0x08000d98       0x30 ..\obj\stm32f10x_can.o
 .text.GPIO_Init
                0x08000dc8      0x178 ..\obj\stm32f10x_gpio.o
                0x08000dc8                GPIO_Init
 .text.GPIO_SetBits
                0x08000f40       0x1c ..\obj\stm32f10x_gpio.o
                0x08000f40                GPIO_SetBits
 .text.GPIO_ResetBits
                0x08000f5c       0x1c ..\obj\stm32f10x_gpio.o
                0x08000f5c                GPIO_ResetBits
 .text.GPIO_PinRemapConfig
                0x08000f78       0xe0 ..\obj\stm32f10x_gpio.o
                0x08000f78                GPIO_PinRemapConfig
 .text.Delay    0x08001058       0x24 ..\obj\main.o
                0x08001058                Delay
 .text.main     0x0800107c      0x6c0 ..\obj\main.o
                0x0800107c                main
 .text.res_timer
                0x0800173c       0x74 ..\obj\main.o
                0x0800173c                res_timer
 .text.init_timer
                0x080017b0       0xcc ..\obj\main.o
                0x080017b0                init_timer
 .text.TIM3_IRQHandler
                0x0800187c       0x3c ..\obj\main.o
                0x0800187c                TIM3_IRQHandler
 .text.TIM4_IRQHandler
                0x080018b8       0x3c ..\obj\main.o
                0x080018b8                TIM4_IRQHandler
 .text.init_CAN
                0x080018f4      0x13c ..\obj\can.o
                0x080018f4                init_CAN
 .text.USB_LP_CAN1_RX0_IRQHandler
                0x08001a30      0x1cc ..\obj\can.o
                0x08001a30                USB_LP_CAN1_RX0_IRQHandler
 .text.CAN1_RX1_IRQHandler
                0x08001bfc       0x64 ..\obj\can.o
                0x08001bfc                CAN1_RX1_IRQHandler
 .text.request_MHB
                0x08001c60       0x58 ..\obj\can.o
                0x08001c60                request_MHB
 .text.RCC_GetClocksFreq
                0x08001cb8      0x160 ..\obj\stm32f10x_rcc.o
                0x08001cb8                RCC_GetClocksFreq
 .text.RCC_APB2PeriphClockCmd
                0x08001e18       0x3c ..\obj\stm32f10x_rcc.o
                0x08001e18                RCC_APB2PeriphClockCmd
 .text.RCC_APB1PeriphClockCmd
                0x08001e54       0x3c ..\obj\stm32f10x_rcc.o
                0x08001e54                RCC_APB1PeriphClockCmd
 .text.RCC_APB1PeriphResetCmd
                0x08001e90       0x3c ..\obj\stm32f10x_rcc.o
                0x08001e90                RCC_APB1PeriphResetCmd
 .text._sbrk    0x08001ecc       0x3c ..\obj\syscalls.o
                0x08001ecc                _sbrk
 .text.ssd1306_I2C_Init
                0x08001f08       0x74 ..\obj\ssd1306_i2c.o
                0x08001f08                ssd1306_I2C_Init
 .text.ssd1306_I2C_WriteMulti
                0x08001f7c       0x5c ..\obj\ssd1306_i2c.o
                0x08001f7c                ssd1306_I2C_WriteMulti
 .text.ssd1306_I2C_Start
                0x08001fd8      0x108 ..\obj\ssd1306_i2c.o
                0x08001fd8                ssd1306_I2C_Start
 .text.ssd1306_I2C_WriteData
                0x080020e0       0x4c ..\obj\ssd1306_i2c.o
                0x080020e0                ssd1306_I2C_WriteData
 .text.ssd1306_I2C_Write
                0x0800212c       0x48 ..\obj\ssd1306_i2c.o
                0x0800212c                ssd1306_I2C_Write
 .text.ssd1306_I2C_Stop
                0x08002174       0x64 ..\obj\ssd1306_i2c.o
                0x08002174                ssd1306_I2C_Stop
 .text.ssd1306_I2C_IsDeviceConnected
                0x080021d8       0x38 ..\obj\ssd1306_i2c.o
                0x080021d8                ssd1306_I2C_IsDeviceConnected
 .text.NVIC_Init
                0x08002210       0xc4 ..\obj\misc.o
                0x08002210                NVIC_Init
 .text.SSD1306_Init
                0x080022d4      0x1b0 ..\obj\ssd1306.o
                0x080022d4                SSD1306_Init
 .text.SSD1306_UpdateScreen
                0x08002484       0x68 ..\obj\ssd1306.o
                0x08002484                SSD1306_UpdateScreen
 .text.SSD1306_Fill
                0x080024ec       0x30 ..\obj\ssd1306.o
                0x080024ec                SSD1306_Fill
 .text.SSD1306_DrawPixel
                0x0800251c       0xbc ..\obj\ssd1306.o
                0x0800251c                SSD1306_DrawPixel
 .text.SSD1306_GotoXY
                0x080025d8       0x2c ..\obj\ssd1306.o
                0x080025d8                SSD1306_GotoXY
 .text.SSD1306_Putc
                0x08002604      0x100 ..\obj\ssd1306.o
                0x08002604                SSD1306_Putc
 .text.SSD1306_Puts
                0x08002704       0x4c ..\obj\ssd1306.o
                0x08002704                SSD1306_Puts
 .text.I2C_Init
                0x08002750      0x184 ..\obj\stm32f10x_i2c.o
                0x08002750                I2C_Init
 .text.I2C_Cmd  0x080028d4       0x40 ..\obj\stm32f10x_i2c.o
                0x080028d4                I2C_Cmd
 .text.I2C_CheckEvent
                0x08002914       0x60 ..\obj\stm32f10x_i2c.o
                0x08002914                I2C_CheckEvent
 .text          0x08002974      0x370 c:/program files (x86)/gnu tools arm embedded/5.4 2016q3/bin/../lib/gcc/arm-none-eabi/5.4.1/armv7-m\libgcc.a(_arm_addsubdf3.o)
                0x08002974                __aeabi_drsub
                0x0800297c                __aeabi_dsub
                0x0800297c                __subdf3
                0x08002980                __aeabi_dadd
                0x08002980                __adddf3
                0x08002bf8                __floatunsidf
                0x08002bf8                __aeabi_ui2d
                0x08002c18                __floatsidf
                0x08002c18                __aeabi_i2d
                0x08002c3c                __aeabi_f2d
                0x08002c3c                __extendsfdf2
                0x08002c78                __floatundidf
                0x08002c78                __aeabi_ul2d
                0x08002c88                __floatdidf
                0x08002c88                __aeabi_l2d
 .text          0x08002ce4      0x424 c:/program files (x86)/gnu tools arm embedded/5.4 2016q3/bin/../lib/gcc/arm-none-eabi/5.4.1/armv7-m\libgcc.a(_arm_muldivdf3.o)
                0x08002ce4                __aeabi_dmul
                0x08002ce4                __muldf3
                0x08002f38                __divdf3
                0x08002f38                __aeabi_ddiv
 .text          0x08003108       0xa0 c:/program files (x86)/gnu tools arm embedded/5.4 2016q3/bin/../lib/gcc/arm-none-eabi/5.4.1/armv7-m\libgcc.a(_arm_truncdfsf2.o)
                0x08003108                __truncdfsf2
                0x08003108                __aeabi_d2f
 .text.memset   0x080031a8       0x9c c:/program files (x86)/gnu tools arm embedded/5.4 2016q3/bin/../lib/gcc/arm-none-eabi/5.4.1/../../../../arm-none-eabi/lib/armv7-m\libg.a(lib_a-memset.o)
                0x080031a8                memset
 .text.sprintf  0x08003244       0x4c c:/program files (x86)/gnu tools arm embedded/5.4 2016q3/bin/../lib/gcc/arm-none-eabi/5.4.1/../../../../arm-none-eabi/lib/armv7-m\libg.a(lib_a-sprintf.o)
                0x08003244                sprintf
 .text.strlen   0x08003290       0x5c c:/program files (x86)/gnu tools arm embedded/5.4 2016q3/bin/../lib/gcc/arm-none-eabi/5.4.1/../../../../arm-none-eabi/lib/armv7-m\libg.a(lib_a-strlen-stub.o)
                0x08003290                strlen
 .text._svfprintf_r
                0x080032ec     0x1760 c:/program files (x86)/gnu tools arm embedded/5.4 2016q3/bin/../lib/gcc/arm-none-eabi/5.4.1/../../../../arm-none-eabi/lib/armv7-m\libg.a(lib_a-svfprintf.o)
                0x080032ec                _svfprintf_r
 .text.quorem   0x08004a4c      0x12c c:/program files (x86)/gnu tools arm embedded/5.4 2016q3/bin/../lib/gcc/arm-none-eabi/5.4.1/../../../../arm-none-eabi/lib/armv7-m\libg.a(lib_a-dtoa.o)
 .text._dtoa_r  0x08004b78      0xe4c c:/program files (x86)/gnu tools arm embedded/5.4 2016q3/bin/../lib/gcc/arm-none-eabi/5.4.1/../../../../arm-none-eabi/lib/armv7-m\libg.a(lib_a-dtoa.o)
                0x08004b78                _dtoa_r
 .text._localeconv_r
                0x080059c4       0x1c c:/program files (x86)/gnu tools arm embedded/5.4 2016q3/bin/../lib/gcc/arm-none-eabi/5.4.1/../../../../arm-none-eabi/lib/armv7-m\libg.a(lib_a-localeconv.o)
                0x080059c4                _localeconv_r
 .text._malloc_r
                0x080059e0      0x558 c:/program files (x86)/gnu tools arm embedded/5.4 2016q3/bin/../lib/gcc/arm-none-eabi/5.4.1/../../../../arm-none-eabi/lib/armv7-m\libg.a(lib_a-mallocr.o)
                0x080059e0                _malloc_r
 .text.memchr   0x08005f38       0x8c c:/program files (x86)/gnu tools arm embedded/5.4 2016q3/bin/../lib/gcc/arm-none-eabi/5.4.1/../../../../arm-none-eabi/lib/armv7-m\libg.a(lib_a-memchr-stub.o)
                0x08005f38                memchr
 .text          0x08005fc4       0xec c:/program files (x86)/gnu tools arm embedded/5.4 2016q3/bin/../lib/gcc/arm-none-eabi/5.4.1/../../../../arm-none-eabi/lib/armv7-m\libg.a(lib_a-memcpy.o)
                0x08005fc4                memcpy
 .text.__malloc_lock
                0x080060b0        0x4 c:/program files (x86)/gnu tools arm embedded/5.4 2016q3/bin/../lib/gcc/arm-none-eabi/5.4.1/../../../../arm-none-eabi/lib/armv7-m\libg.a(lib_a-mlock.o)
                0x080060b0                __malloc_lock
 .text.__malloc_unlock
                0x080060b4        0x4 c:/program files (x86)/gnu tools arm embedded/5.4 2016q3/bin/../lib/gcc/arm-none-eabi/5.4.1/../../../../arm-none-eabi/lib/armv7-m\libg.a(lib_a-mlock.o)
                0x080060b4                __malloc_unlock
 .text._Balloc  0x080060b8       0x50 c:/program files (x86)/gnu tools arm embedded/5.4 2016q3/bin/../lib/gcc/arm-none-eabi/5.4.1/../../../../arm-none-eabi/lib/armv7-m\libg.a(lib_a-mprec.o)
                0x080060b8                _Balloc
 .text._Bfree   0x08006108       0x14 c:/program files (x86)/gnu tools arm embedded/5.4 2016q3/bin/../lib/gcc/arm-none-eabi/5.4.1/../../../../arm-none-eabi/lib/armv7-m\libg.a(lib_a-mprec.o)
                0x08006108                _Bfree
 .text.__multadd
                0x0800611c       0x80 c:/program files (x86)/gnu tools arm embedded/5.4 2016q3/bin/../lib/gcc/arm-none-eabi/5.4.1/../../../../arm-none-eabi/lib/armv7-m\libg.a(lib_a-mprec.o)
                0x0800611c                __multadd
 .text.__hi0bits
                0x0800619c       0x40 c:/program files (x86)/gnu tools arm embedded/5.4 2016q3/bin/../lib/gcc/arm-none-eabi/5.4.1/../../../../arm-none-eabi/lib/armv7-m\libg.a(lib_a-mprec.o)
                0x0800619c                __hi0bits
 .text.__lo0bits
                0x080061dc       0x5c c:/program files (x86)/gnu tools arm embedded/5.4 2016q3/bin/../lib/gcc/arm-none-eabi/5.4.1/../../../../arm-none-eabi/lib/armv7-m\libg.a(lib_a-mprec.o)
                0x080061dc                __lo0bits
 .text.__i2b    0x08006238       0x14 c:/program files (x86)/gnu tools arm embedded/5.4 2016q3/bin/../lib/gcc/arm-none-eabi/5.4.1/../../../../arm-none-eabi/lib/armv7-m\libg.a(lib_a-mprec.o)
                0x08006238                __i2b
 .text.__multiply
                0x0800624c      0x13c c:/program files (x86)/gnu tools arm embedded/5.4 2016q3/bin/../lib/gcc/arm-none-eabi/5.4.1/../../../../arm-none-eabi/lib/armv7-m\libg.a(lib_a-mprec.o)
                0x0800624c                __multiply
 .text.__pow5mult
                0x08006388       0xa0 c:/program files (x86)/gnu tools arm embedded/5.4 2016q3/bin/../lib/gcc/arm-none-eabi/5.4.1/../../../../arm-none-eabi/lib/armv7-m\libg.a(lib_a-mprec.o)
                0x08006388                __pow5mult
 .text.__lshift
                0x08006428       0xac c:/program files (x86)/gnu tools arm embedded/5.4 2016q3/bin/../lib/gcc/arm-none-eabi/5.4.1/../../../../arm-none-eabi/lib/armv7-m\libg.a(lib_a-mprec.o)
                0x08006428                __lshift
 .text.__mcmp   0x080064d4       0x40 c:/program files (x86)/gnu tools arm embedded/5.4 2016q3/bin/../lib/gcc/arm-none-eabi/5.4.1/../../../../arm-none-eabi/lib/armv7-m\libg.a(lib_a-mprec.o)
                0x080064d4                __mcmp
 .text.__mdiff  0x08006514      0x128 c:/program files (x86)/gnu tools arm embedded/5.4 2016q3/bin/../lib/gcc/arm-none-eabi/5.4.1/../../../../arm-none-eabi/lib/armv7-m\libg.a(lib_a-mprec.o)
                0x08006514                __mdiff
 .text.__d2b    0x0800663c       0xa8 c:/program files (x86)/gnu tools arm embedded/5.4 2016q3/bin/../lib/gcc/arm-none-eabi/5.4.1/../../../../arm-none-eabi/lib/armv7-m\libg.a(lib_a-mprec.o)
                0x0800663c                __d2b
 .text._sbrk_r  0x080066e4       0x24 c:/program files (x86)/gnu tools arm embedded/5.4 2016q3/bin/../lib/gcc/arm-none-eabi/5.4.1/../../../../arm-none-eabi/lib/armv7-m\libg.a(lib_a-sbrkr.o)
                0x080066e4                _sbrk_r
 .text.__ssprint_r
                0x08006708      0x100 c:/program files (x86)/gnu tools arm embedded/5.4 2016q3/bin/../lib/gcc/arm-none-eabi/5.4.1/../../../../arm-none-eabi/lib/armv7-m\libg.a(lib_a-svfiprintf.o)
                0x08006708                __ssprint_r
 .text._calloc_r
                0x08006808       0x60 c:/program files (x86)/gnu tools arm embedded/5.4 2016q3/bin/../lib/gcc/arm-none-eabi/5.4.1/../../../../arm-none-eabi/lib/armv7-m\libg.a(lib_a-callocr.o)
                0x08006808                _calloc_r
 .text._malloc_trim_r
                0x08006868       0x9c c:/program files (x86)/gnu tools arm embedded/5.4 2016q3/bin/../lib/gcc/arm-none-eabi/5.4.1/../../../../arm-none-eabi/lib/armv7-m\libg.a(lib_a-freer.o)
                0x08006868                _malloc_trim_r
 .text._free_r  0x08006904      0x1d0 c:/program files (x86)/gnu tools arm embedded/5.4 2016q3/bin/../lib/gcc/arm-none-eabi/5.4.1/../../../../arm-none-eabi/lib/armv7-m\libg.a(lib_a-freer.o)
                0x08006904                _free_r
 .text.__ascii_mbtowc
                0x08006ad4       0x2c c:/program files (x86)/gnu tools arm embedded/5.4 2016q3/bin/../lib/gcc/arm-none-eabi/5.4.1/../../../../arm-none-eabi/lib/armv7-m\libg.a(lib_a-mbtowc_r.o)
                0x08006ad4                __ascii_mbtowc
 .text.memmove  0x08006b00       0xc8 c:/program files (x86)/gnu tools arm embedded/5.4 2016q3/bin/../lib/gcc/arm-none-eabi/5.4.1/../../../../arm-none-eabi/lib/armv7-m\libg.a(lib_a-memmove.o)
                0x08006b00                memmove
 .text._realloc_r
                0x08006bc8      0x3d4 c:/program files (x86)/gnu tools arm embedded/5.4 2016q3/bin/../lib/gcc/arm-none-eabi/5.4.1/../../../../arm-none-eabi/lib/armv7-m\libg.a(lib_a-reallocr.o)
                0x08006bc8                _realloc_r
 .text.__ascii_wctomb
                0x08006f9c       0x1c c:/program files (x86)/gnu tools arm embedded/5.4 2016q3/bin/../lib/gcc/arm-none-eabi/5.4.1/../../../../arm-none-eabi/lib/armv7-m\libg.a(lib_a-wctomb_r.o)
                0x08006f9c                __ascii_wctomb
 .text          0x08006fb8      0x110 c:/program files (x86)/gnu tools arm embedded/5.4 2016q3/bin/../lib/gcc/arm-none-eabi/5.4.1/armv7-m\libgcc.a(_arm_cmpdf2.o)
                0x08006fb8                __gtdf2
                0x08006fb8                __gedf2
                0x08006fc0                __ltdf2
                0x08006fc0                __ledf2
                0x08006fc8                __nedf2
                0x08006fc8                __eqdf2
                0x08006fc8                __cmpdf2
                0x08007044                __aeabi_cdrcmple
                0x08007054                __aeabi_cdcmpeq
                0x08007054                __aeabi_cdcmple
                0x08007064                __aeabi_dcmpeq
                0x08007078                __aeabi_dcmplt
                0x0800708c                __aeabi_dcmple
                0x080070a0                __aeabi_dcmpge
                0x080070b4                __aeabi_dcmpgt
 .text          0x080070c8       0x2c c:/program files (x86)/gnu tools arm embedded/5.4 2016q3/bin/../lib/gcc/arm-none-eabi/5.4.1/armv7-m\libgcc.a(_arm_unorddf2.o)
                0x080070c8                __unorddf2
                0x080070c8                __aeabi_dcmpun
 .text          0x080070f4       0x50 c:/program files (x86)/gnu tools arm embedded/5.4 2016q3/bin/../lib/gcc/arm-none-eabi/5.4.1/armv7-m\libgcc.a(_arm_fixdfsi.o)
                0x080070f4                __aeabi_d2iz
                0x080070f4                __fixdfsi
 .text          0x08007144       0x30 c:/program files (x86)/gnu tools arm embedded/5.4 2016q3/bin/../lib/gcc/arm-none-eabi/5.4.1/armv7-m\libgcc.a(_aeabi_uldivmod.o)
                0x08007144                __aeabi_uldivmod
 .text          0x08007174      0x2ec c:/program files (x86)/gnu tools arm embedded/5.4 2016q3/bin/../lib/gcc/arm-none-eabi/5.4.1/armv7-m\libgcc.a(_udivmoddi4.o)
                0x08007174                __udivmoddi4
 .text          0x08007460        0x4 c:/program files (x86)/gnu tools arm embedded/5.4 2016q3/bin/../lib/gcc/arm-none-eabi/5.4.1/armv7-m\libgcc.a(_dvmd_tls.o)
                0x08007460                __aeabi_idiv0
                0x08007460                __aeabi_ldiv0
 *(.init)
 *(.fini)
 *crtbegin.o(.ctors)
 *crtbegin?.o(.ctors)
 *(EXCLUDE_FILE(*crtend.o *crtend?.o) .ctors)
 *(SORT(.ctors.*))
 *(.ctors)
 *crtbegin.o(.dtors)
 *crtbegin?.o(.dtors)
 *(EXCLUDE_FILE(*crtend.o *crtend?.o) .dtors)
 *(SORT(.dtors.*))
 *(.dtors)
 *(.rodata*)
 .rodata        0x08007464       0x86 ..\obj\main.o
                0x08007464                sendingPeriod
 *fill*         0x080074ea        0x2 
 .rodata        0x080074ec     0x2814 ..\obj\fonts.o
                0x080074ec                Font7x10
                0x08007c58                Font11x18
                0x080089b4                Font16x26
 .rodata.zeroes.7256
                0x08009d00       0x10 c:/program files (x86)/gnu tools arm embedded/5.4 2016q3/bin/../lib/gcc/arm-none-eabi/5.4.1/../../../../arm-none-eabi/lib/armv7-m\libg.a(lib_a-svfprintf.o)
 .rodata.str1.4
                0x08009d10       0x42 c:/program files (x86)/gnu tools arm embedded/5.4 2016q3/bin/../lib/gcc/arm-none-eabi/5.4.1/../../../../arm-none-eabi/lib/armv7-m\libg.a(lib_a-svfprintf.o)
 *fill*         0x08009d52        0x2 
 .rodata.blanks.7255
                0x08009d54       0x10 c:/program files (x86)/gnu tools arm embedded/5.4 2016q3/bin/../lib/gcc/arm-none-eabi/5.4.1/../../../../arm-none-eabi/lib/armv7-m\libg.a(lib_a-svfprintf.o)
 .rodata.str1.4
                0x08009d64       0x10 c:/program files (x86)/gnu tools arm embedded/5.4 2016q3/bin/../lib/gcc/arm-none-eabi/5.4.1/../../../../arm-none-eabi/lib/armv7-m\libg.a(lib_a-dtoa.o)
                                 0x12 (size before relaxing)
 *fill*         0x08009d74        0x4 
 .rodata.__mprec_tens
                0x08009d78       0xc8 c:/program files (x86)/gnu tools arm embedded/5.4 2016q3/bin/../lib/gcc/arm-none-eabi/5.4.1/../../../../arm-none-eabi/lib/armv7-m\libg.a(lib_a-mprec.o)
                0x08009d78                __mprec_tens
 .rodata.p05.6085
                0x08009e40        0xc c:/program files (x86)/gnu tools arm embedded/5.4 2016q3/bin/../lib/gcc/arm-none-eabi/5.4.1/../../../../arm-none-eabi/lib/armv7-m\libg.a(lib_a-mprec.o)
 *fill*         0x08009e4c        0x4 
 .rodata.__mprec_bigtens
                0x08009e50       0x28 c:/program files (x86)/gnu tools arm embedded/5.4 2016q3/bin/../lib/gcc/arm-none-eabi/5.4.1/../../../../arm-none-eabi/lib/armv7-m\libg.a(lib_a-mprec.o)
                0x08009e50                __mprec_bigtens
 .rodata.str1.4
                0x08009e78       0x10 c:/program files (x86)/gnu tools arm embedded/5.4 2016q3/bin/../lib/gcc/arm-none-eabi/5.4.1/../../../../arm-none-eabi/lib/armv7-m\libg.a(lib_a-locale.o)
                                 0x12 (size before relaxing)
 .rodata._ctype_
                0x08009e88      0x101 c:/program files (x86)/gnu tools arm embedded/5.4 2016q3/bin/../lib/gcc/arm-none-eabi/5.4.1/../../../../arm-none-eabi/lib/armv7-m\libg.a(lib_a-ctype_.o)
                0x08009e88                _ctype_
 *(.eh_fram e*)

.glue_7         0x08009f8c        0x0
 .glue_7        0x08009f8c        0x0 linker stubs

.glue_7t        0x08009f8c        0x0
 .glue_7t       0x08009f8c        0x0 linker stubs

.vfp11_veneer   0x08009f8c        0x0
 .vfp11_veneer  0x08009f8c        0x0 linker stubs

.v4_bx          0x08009f8c        0x0
 .v4_bx         0x08009f8c        0x0 linker stubs

.iplt           0x08009f8c        0x0
 .iplt          0x08009f8c        0x0 ..\obj\stm32f10x_tim.o

.ARM.extab
 *(.ARM.extab* .gnu.linkonce.armextab.*)
                0x08009f8c                __exidx_start = .

.ARM.exidx      0x08009f8c        0x8
 *(.ARM.exidx* .gnu.linkonce.armexidx.*)
 .ARM.exidx     0x08009f8c        0x8 c:/program files (x86)/gnu tools arm embedded/5.4 2016q3/bin/../lib/gcc/arm-none-eabi/5.4.1/armv7-m\libgcc.a(_udivmoddi4.o)
                0x08009f94                __exidx_end = .
                0x08009f94                __etext = .
                0x08009f94                _sidata = __etext

.rel.dyn        0x08009f94        0x0
 .rel.iplt      0x08009f94        0x0 ..\obj\stm32f10x_tim.o

.data           0x20000000      0x9e8 load address 0x08009f94
                0x20000000                __data_start__ = .
                0x20000000                _sdata = __data_start__
 *(vtable)
 *(.data*)
 .data          0x20000000       0x14 ..\obj\system_stm32f10x.o
                0x20000000                SystemCoreClock
                0x20000004                AHBPrescTable
 .data          0x20000014       0x14 ..\obj\stm32f10x_rcc.o
 .data          0x20000028       0x18 ..\obj\fonts.o
                0x20000028                Font_7x10
                0x20000030                Font_11x18
                0x20000038                Font_16x26
 .data.impure_data
                0x20000040      0x428 c:/program files (x86)/gnu tools arm embedded/5.4 2016q3/bin/../lib/gcc/arm-none-eabi/5.4.1/../../../../arm-none-eabi/lib/armv7-m\libg.a(lib_a-impure.o)
 .data._impure_ptr
                0x20000468        0x4 c:/program files (x86)/gnu tools arm embedded/5.4 2016q3/bin/../lib/gcc/arm-none-eabi/5.4.1/../../../../arm-none-eabi/lib/armv7-m\libg.a(lib_a-impure.o)
                0x20000468                _impure_ptr
 .data.__malloc_av_
                0x2000046c      0x408 c:/program files (x86)/gnu tools arm embedded/5.4 2016q3/bin/../lib/gcc/arm-none-eabi/5.4.1/../../../../arm-none-eabi/lib/armv7-m\libg.a(lib_a-mallocr.o)
                0x2000046c                __malloc_av_
 .data.__malloc_trim_threshold
                0x20000874        0x4 c:/program files (x86)/gnu tools arm embedded/5.4 2016q3/bin/../lib/gcc/arm-none-eabi/5.4.1/../../../../arm-none-eabi/lib/armv7-m\libg.a(lib_a-mallocr.o)
                0x20000874                __malloc_trim_threshold
 .data.__malloc_sbrk_base
                0x20000878        0x4 c:/program files (x86)/gnu tools arm embedded/5.4 2016q3/bin/../lib/gcc/arm-none-eabi/5.4.1/../../../../arm-none-eabi/lib/armv7-m\libg.a(lib_a-mallocr.o)
                0x20000878                __malloc_sbrk_base
 .data.__global_locale
                0x2000087c      0x16c c:/program files (x86)/gnu tools arm embedded/5.4 2016q3/bin/../lib/gcc/arm-none-eabi/5.4.1/../../../../arm-none-eabi/lib/armv7-m\libg.a(lib_a-locale.o)
                0x2000087c                __global_locale
                0x200009e8                . = ALIGN (0x4)
                [!provide]                PROVIDE (__preinit_array_start, .)
 *(.preinit_array)
                [!provide]                PROVIDE (__preinit_array_end, .)
                0x200009e8                . = ALIGN (0x4)
                [!provide]                PROVIDE (__init_array_start, .)
 *(SORT(.init_array.*))
 *(.init_array)
                [!provide]                PROVIDE (__init_array_end, .)
                0x200009e8                . = ALIGN (0x4)
                [!provide]                PROVIDE (__fini_array_start, .)
 *(SORT(.fini_array.*))
 *(.fini_array)
                [!provide]                PROVIDE (__fini_array_end, .)
 *(.jcr*)
                0x200009e8                . = ALIGN (0x4)
                0x200009e8                __data_end__ = .
                0x200009e8                _edata = __data_end__

.igot.plt       0x200009e8        0x0 load address 0x0800a97c
 .igot.plt      0x200009e8        0x0 ..\obj\stm32f10x_tim.o

.bss            0x200009e8      0x534 load address 0x0800a97c
                0x200009e8                . = ALIGN (0x4)
                0x200009e8                __bss_start__ = .
                0x200009e8                _sbss = __bss_start__
 *(.bss*)
 .bss           0x200009e8       0xb5 ..\obj\main.o
                0x200009e8                timer_1000ms
                0x20000a38                time_togle_1ms
                0x20000a3c                time_togle_1ms_old
                0x20000a40                timer_10000x100ms
                0x20000a90                time_togle_100ms
                0x20000a94                time_togle_100ms_old
                0x20000a98                cellNumber
                0x20000a9c                dateProdBatt
 *fill*         0x20000a9d        0x3 
 .bss           0x20000aa0       0x34 ..\obj\can.o
                0x20000aa0                MHB_SOC_HV_HEX
                0x20000aa4                MHB_CELL_NUM
                0x20000aa8                MHB_CELL1_VOLT
                0x20000aac                MHB_CELL2_VOLT
                0x20000ab0                MHB_CELL3_VOLT
                0x20000ab4                MHB_CELL4_VOLT
                0x20000ab8                MHB_CELL5_VOLT
                0x20000abc                MHB_CELL6_VOLT
                0x20000ac0                MHB_CELL7_VOLT
                0x20000ac4                MHB_CELL8_VOLT
                0x20000ac8                MHB_CELL9_VOLT
                0x20000acc                MHB_HV_VOLT
                0x20000ad0                MHB_DATE_PROD
 .bss           0x20000ad4        0x4 ..\obj\syscalls.o
 .bss           0x20000ad8        0x4 ..\obj\ssd1306_i2c.o
 .bss           0x20000adc      0x406 ..\obj\ssd1306.o
 *fill*         0x20000ee2        0x2 
 .bss.__malloc_max_total_mem
                0x20000ee4        0x4 c:/program files (x86)/gnu tools arm embedded/5.4 2016q3/bin/../lib/gcc/arm-none-eabi/5.4.1/../../../../arm-none-eabi/lib/armv7-m\libg.a(lib_a-mallocr.o)
                0x20000ee4                __malloc_max_total_mem
 .bss.__malloc_max_sbrked_mem
                0x20000ee8        0x4 c:/program files (x86)/gnu tools arm embedded/5.4 2016q3/bin/../lib/gcc/arm-none-eabi/5.4.1/../../../../arm-none-eabi/lib/armv7-m\libg.a(lib_a-mallocr.o)
                0x20000ee8                __malloc_max_sbrked_mem
 .bss.__malloc_top_pad
                0x20000eec        0x4 c:/program files (x86)/gnu tools arm embedded/5.4 2016q3/bin/../lib/gcc/arm-none-eabi/5.4.1/../../../../arm-none-eabi/lib/armv7-m\libg.a(lib_a-mallocr.o)
                0x20000eec                __malloc_top_pad
 .bss.__malloc_current_mallinfo
                0x20000ef0       0x28 c:/program files (x86)/gnu tools arm embedded/5.4 2016q3/bin/../lib/gcc/arm-none-eabi/5.4.1/../../../../arm-none-eabi/lib/armv7-m\libg.a(lib_a-mallocr.o)
                0x20000ef0                __malloc_current_mallinfo
 *(COMMON)
 COMMON         0x20000f18        0x4 c:/program files (x86)/gnu tools arm embedded/5.4 2016q3/bin/../lib/gcc/arm-none-eabi/5.4.1/../../../../arm-none-eabi/lib/armv7-m\libg.a(lib_a-reent.o)
                0x20000f18                errno
                0x20000f1c                . = ALIGN (0x4)
                0x20000f1c                __bss_end__ = .
                0x20000f1c                _ebss = __bss_end__

.heap           0x20000f1c        0x0
                0x20000f1c                __end__ = .
                0x20000f1c                _end = __end__
                0x20000f1c                end = __end__
 *(.heap*)
                0x20000f1c                __HeapLimit = .

.co_stack       0x20000f1c      0x404 load address 0x0800aeb0
                0x20000f20                . = ALIGN (0x8)
 *fill*         0x20000f1c        0x4 
 *(.co_stack .co_stack.*)
 .co_stack      0x20000f20      0x400 ..\obj\startup_stm32f10x_md.o
                0x20000f20                pulStack
                0x20005000                __StackTop = (ORIGIN (ram) + LENGTH (ram))
                0x20004bfc                __StackLimit = (__StackTop - SIZEOF (.co_stack))
                [!provide]                PROVIDE (__stack, __StackTop)
                0x00000001                ASSERT ((__StackLimit >= __HeapLimit), region ram  overflowed with stack)
LOAD ..\obj\stm32f10x_tim.o
LOAD ..\obj\core_cm3.o
LOAD ..\obj\system_stm32f10x.o
LOAD ..\obj\startup_stm32f10x_md.o
LOAD ..\obj\stm32f10x_can.o
LOAD ..\obj\stm32f10x_gpio.o
LOAD ..\obj\main.o
LOAD ..\obj\can.o
LOAD ..\obj\stm32f10x_rcc.o
LOAD ..\obj\fonts.o
LOAD ..\obj\stm32f10x_usart.o
LOAD ..\obj\syscalls.o
LOAD ..\obj\ssd1306_i2c.o
LOAD ..\obj\misc.o
LOAD ..\obj\ssd1306.o
LOAD ..\obj\stm32f10x_i2c.o
START GROUP
LOAD c:/program files (x86)/gnu tools arm embedded/5.4 2016q3/bin/../lib/gcc/arm-none-eabi/5.4.1/armv7-m\libgcc.a
LOAD c:/program files (x86)/gnu tools arm embedded/5.4 2016q3/bin/../lib/gcc/arm-none-eabi/5.4.1/../../../../arm-none-eabi/lib/armv7-m\libg.a
LOAD c:/program files (x86)/gnu tools arm embedded/5.4 2016q3/bin/../lib/gcc/arm-none-eabi/5.4.1/../../../../arm-none-eabi/lib/armv7-m\libc.a
END GROUP
OUTPUT(Mazda_MHB.elf elf32-littlearm)

.debug_info     0x00000000     0x76af
 .debug_info    0x00000000     0x1c60 ..\obj\stm32f10x_tim.o
 .debug_info    0x00001c60      0x49c ..\obj\system_stm32f10x.o
 .debug_info    0x000020fc       0xee ..\obj\startup_stm32f10x_md.o
 .debug_info    0x000021ea      0xba4 ..\obj\stm32f10x_can.o
 .debug_info    0x00002d8e      0x6f6 ..\obj\stm32f10x_gpio.o
 .debug_info    0x00003484      0xa2b ..\obj\main.o
 .debug_info    0x00003eaf      0x9de ..\obj\can.o
 .debug_info    0x0000488d      0x8a3 ..\obj\stm32f10x_rcc.o
 .debug_info    0x00005130      0x244 ..\obj\fonts.o
 .debug_info    0x00005374      0x458 ..\obj\syscalls.o
 .debug_info    0x000057cc      0x57d ..\obj\ssd1306_i2c.o
 .debug_info    0x00005d49      0x556 ..\obj\misc.o
 .debug_info    0x0000629f      0x904 ..\obj\ssd1306.o
 .debug_info    0x00006ba3      0xb0c ..\obj\stm32f10x_i2c.o

.debug_abbrev   0x00000000     0x1491
 .debug_abbrev  0x00000000      0x1b2 ..\obj\stm32f10x_tim.o
 .debug_abbrev  0x000001b2      0x14e ..\obj\system_stm32f10x.o
 .debug_abbrev  0x00000300       0xa7 ..\obj\startup_stm32f10x_md.o
 .debug_abbrev  0x000003a7      0x1f5 ..\obj\stm32f10x_can.o
 .debug_abbrev  0x0000059c      0x1cc ..\obj\stm32f10x_gpio.o
 .debug_abbrev  0x00000768      0x205 ..\obj\main.o
 .debug_abbrev  0x0000096d      0x189 ..\obj\can.o
 .debug_abbrev  0x00000af6      0x1bc ..\obj\stm32f10x_rcc.o
 .debug_abbrev  0x00000cb2       0xe7 ..\obj\fonts.o
 .debug_abbrev  0x00000d99       0xe5 ..\obj\syscalls.o
 .debug_abbrev  0x00000e7e      0x191 ..\obj\ssd1306_i2c.o
 .debug_abbrev  0x0000100f      0x147 ..\obj\misc.o
 .debug_abbrev  0x00001156      0x1d5 ..\obj\ssd1306.o
 .debug_abbrev  0x0000132b      0x166 ..\obj\stm32f10x_i2c.o

.debug_aranges  0x00000000      0x940
 .debug_aranges
                0x00000000      0x2f0 ..\obj\stm32f10x_tim.o
 .debug_aranges
                0x000002f0       0x38 ..\obj\system_stm32f10x.o
 .debug_aranges
                0x00000328       0x28 ..\obj\startup_stm32f10x_md.o
 .debug_aranges
                0x00000350       0xe0 ..\obj\stm32f10x_can.o
 .debug_aranges
                0x00000430       0xa8 ..\obj\stm32f10x_gpio.o
 .debug_aranges
                0x000004d8       0x48 ..\obj\main.o
 .debug_aranges
                0x00000520       0x38 ..\obj\can.o
 .debug_aranges
                0x00000558      0x118 ..\obj\stm32f10x_rcc.o
 .debug_aranges
                0x00000670       0x20 ..\obj\fonts.o
 .debug_aranges
                0x00000690       0x60 ..\obj\syscalls.o
 .debug_aranges
                0x000006f0       0x50 ..\obj\ssd1306_i2c.o
 .debug_aranges
                0x00000740       0x40 ..\obj\misc.o
 .debug_aranges
                0x00000780       0xa0 ..\obj\ssd1306.o
 .debug_aranges
                0x00000820      0x120 ..\obj\stm32f10x_i2c.o

.debug_ranges   0x00000000      0x860
 .debug_ranges  0x00000000      0x2e0 ..\obj\stm32f10x_tim.o
 .debug_ranges  0x000002e0       0x28 ..\obj\system_stm32f10x.o
 .debug_ranges  0x00000308       0x18 ..\obj\startup_stm32f10x_md.o
 .debug_ranges  0x00000320       0xd0 ..\obj\stm32f10x_can.o
 .debug_ranges  0x000003f0       0x98 ..\obj\stm32f10x_gpio.o
 .debug_ranges  0x00000488       0x38 ..\obj\main.o
 .debug_ranges  0x000004c0       0x28 ..\obj\can.o
 .debug_ranges  0x000004e8      0x108 ..\obj\stm32f10x_rcc.o
 .debug_ranges  0x000005f0       0x10 ..\obj\fonts.o
 .debug_ranges  0x00000600       0x50 ..\obj\syscalls.o
 .debug_ranges  0x00000650       0x40 ..\obj\ssd1306_i2c.o
 .debug_ranges  0x00000690       0x30 ..\obj\misc.o
 .debug_ranges  0x000006c0       0x90 ..\obj\ssd1306.o
 .debug_ranges  0x00000750      0x110 ..\obj\stm32f10x_i2c.o

.debug_line     0x00000000     0x3605
 .debug_line    0x00000000      0xb68 ..\obj\stm32f10x_tim.o
 .debug_line    0x00000b68      0x22e ..\obj\system_stm32f10x.o
 .debug_line    0x00000d96       0xa7 ..\obj\startup_stm32f10x_md.o
 .debug_line    0x00000e3d      0x582 ..\obj\stm32f10x_can.o
 .debug_line    0x000013bf      0x3e8 ..\obj\stm32f10x_gpio.o
 .debug_line    0x000017a7      0x3fa ..\obj\main.o
 .debug_line    0x00001ba1      0x2c6 ..\obj\can.o
 .debug_line    0x00001e67      0x4e3 ..\obj\stm32f10x_rcc.o
 .debug_line    0x0000234a      0x182 ..\obj\fonts.o
 .debug_line    0x000024cc      0x1f3 ..\obj\syscalls.o
 .debug_line    0x000026bf      0x2dd ..\obj\ssd1306_i2c.o
 .debug_line    0x0000299c      0x25b ..\obj\misc.o
 .debug_line    0x00002bf7      0x511 ..\obj\ssd1306.o
 .debug_line    0x00003108      0x4fd ..\obj\stm32f10x_i2c.o

.debug_str      0x00000000     0x2d41
 .debug_str     0x00000000      0xd1d ..\obj\stm32f10x_tim.o
                                0xdea (size before relaxing)
 .debug_str     0x00000d1d      0x177 ..\obj\system_stm32f10x.o
                                0x2fc (size before relaxing)
 .debug_str     0x00000e94       0xb5 ..\obj\startup_stm32f10x_md.o
                                0x14c (size before relaxing)
 .debug_str     0x00000f49      0x52f ..\obj\stm32f10x_can.o
                                0x73b (size before relaxing)
 .debug_str     0x00001478      0x383 ..\obj\stm32f10x_gpio.o
                                0x526 (size before relaxing)
 .debug_str     0x000017fb      0x615 ..\obj\main.o
                                0xac3 (size before relaxing)
 .debug_str     0x00001e10       0xe0 ..\obj\can.o
                                0xa23 (size before relaxing)
 .debug_str     0x00001ef0      0x3ed ..\obj\stm32f10x_rcc.o
                                0x627 (size before relaxing)
 .debug_str     0x000022dd       0x93 ..\obj\fonts.o
                                0x239 (size before relaxing)
 .debug_str     0x00002370      0x183 ..\obj\syscalls.o
                                0x33c (size before relaxing)
 .debug_str     0x000024f3      0x19d ..\obj\ssd1306_i2c.o
                                0x492 (size before relaxing)
 .debug_str     0x00002690      0x15e ..\obj\misc.o
                                0x3cb (size before relaxing)
 .debug_str     0x000027ee      0x210 ..\obj\ssd1306.o
                                0x467 (size before relaxing)
 .debug_str     0x000029fe      0x343 ..\obj\stm32f10x_i2c.o
                                0x673 (size before relaxing)

.comment        0x00000000       0x6e
 .comment       0x00000000       0x6e ..\obj\stm32f10x_tim.o
                                 0x6f (size before relaxing)
 .comment       0x0000006e       0x6f ..\obj\system_stm32f10x.o
 .comment       0x0000006e       0x6f ..\obj\startup_stm32f10x_md.o
 .comment       0x0000006e       0x6f ..\obj\stm32f10x_can.o
 .comment       0x0000006e       0x6f ..\obj\stm32f10x_gpio.o
 .comment       0x0000006e       0x6f ..\obj\main.o
 .comment       0x0000006e       0x6f ..\obj\can.o
 .comment       0x0000006e       0x6f ..\obj\stm32f10x_rcc.o
 .comment       0x0000006e       0x6f ..\obj\fonts.o
 .comment       0x0000006e       0x6f ..\obj\syscalls.o
 .comment       0x0000006e       0x6f ..\obj\ssd1306_i2c.o
 .comment       0x0000006e       0x6f ..\obj\misc.o
 .comment       0x0000006e       0x6f ..\obj\ssd1306.o
 .comment       0x0000006e       0x6f ..\obj\stm32f10x_i2c.o

.ARM.attributes
                0x00000000       0x31
 .ARM.attributes
                0x00000000       0x33 ..\obj\stm32f10x_tim.o
 .ARM.attributes
                0x00000033       0x33 ..\obj\system_stm32f10x.o
 .ARM.attributes
                0x00000066       0x33 ..\obj\startup_stm32f10x_md.o
 .ARM.attributes
                0x00000099       0x33 ..\obj\stm32f10x_can.o
 .ARM.attributes
                0x000000cc       0x33 ..\obj\stm32f10x_gpio.o
 .ARM.attributes
                0x000000ff       0x33 ..\obj\main.o
 .ARM.attributes
                0x00000132       0x33 ..\obj\can.o
 .ARM.attributes
                0x00000165       0x33 ..\obj\stm32f10x_rcc.o
 .ARM.attributes
                0x00000198       0x33 ..\obj\fonts.o
 .ARM.attributes
                0x000001cb       0x33 ..\obj\syscalls.o
 .ARM.attributes
                0x000001fe       0x33 ..\obj\ssd1306_i2c.o
 .ARM.attributes
                0x00000231       0x33 ..\obj\misc.o
 .ARM.attributes
                0x00000264       0x33 ..\obj\ssd1306.o
 .ARM.attributes
                0x00000297       0x33 ..\obj\stm32f10x_i2c.o
 .ARM.attributes
                0x000002ca       0x1d c:/program files (x86)/gnu tools arm embedded/5.4 2016q3/bin/../lib/gcc/arm-none-eabi/5.4.1/armv7-m\libgcc.a(_arm_addsubdf3.o)
 .ARM.attributes
                0x000002e7       0x1d c:/program files (x86)/gnu tools arm embedded/5.4 2016q3/bin/../lib/gcc/arm-none-eabi/5.4.1/armv7-m\libgcc.a(_arm_muldivdf3.o)
 .ARM.attributes
                0x00000304       0x1d c:/program files (x86)/gnu tools arm embedded/5.4 2016q3/bin/../lib/gcc/arm-none-eabi/5.4.1/armv7-m\libgcc.a(_arm_truncdfsf2.o)
 .ARM.attributes
                0x00000321       0x2d c:/program files (x86)/gnu tools arm embedded/5.4 2016q3/bin/../lib/gcc/arm-none-eabi/5.4.1/../../../../arm-none-eabi/lib/armv7-m\libg.a(lib_a-memset.o)
 .ARM.attributes
                0x0000034e       0x2d c:/program files (x86)/gnu tools arm embedded/5.4 2016q3/bin/../lib/gcc/arm-none-eabi/5.4.1/../../../../arm-none-eabi/lib/armv7-m\libg.a(lib_a-sprintf.o)
 .ARM.attributes
                0x0000037b       0x2d c:/program files (x86)/gnu tools arm embedded/5.4 2016q3/bin/../lib/gcc/arm-none-eabi/5.4.1/../../../../arm-none-eabi/lib/armv7-m\libg.a(lib_a-strlen-stub.o)
 .ARM.attributes
                0x000003a8       0x2d c:/program files (x86)/gnu tools arm embedded/5.4 2016q3/bin/../lib/gcc/arm-none-eabi/5.4.1/../../../../arm-none-eabi/lib/armv7-m\libg.a(lib_a-svfprintf.o)
 .ARM.attributes
                0x000003d5       0x2d c:/program files (x86)/gnu tools arm embedded/5.4 2016q3/bin/../lib/gcc/arm-none-eabi/5.4.1/../../../../arm-none-eabi/lib/armv7-m\libg.a(lib_a-dtoa.o)
 .ARM.attributes
                0x00000402       0x2d c:/program files (x86)/gnu tools arm embedded/5.4 2016q3/bin/../lib/gcc/arm-none-eabi/5.4.1/../../../../arm-none-eabi/lib/armv7-m\libg.a(lib_a-impure.o)
 .ARM.attributes
                0x0000042f       0x2d c:/program files (x86)/gnu tools arm embedded/5.4 2016q3/bin/../lib/gcc/arm-none-eabi/5.4.1/../../../../arm-none-eabi/lib/armv7-m\libg.a(lib_a-localeconv.o)
 .ARM.attributes
                0x0000045c       0x2d c:/program files (x86)/gnu tools arm embedded/5.4 2016q3/bin/../lib/gcc/arm-none-eabi/5.4.1/../../../../arm-none-eabi/lib/armv7-m\libg.a(lib_a-mallocr.o)
 .ARM.attributes
                0x00000489       0x2d c:/program files (x86)/gnu tools arm embedded/5.4 2016q3/bin/../lib/gcc/arm-none-eabi/5.4.1/../../../../arm-none-eabi/lib/armv7-m\libg.a(lib_a-memchr-stub.o)
 .ARM.attributes
                0x000004b6       0x1b c:/program files (x86)/gnu tools arm embedded/5.4 2016q3/bin/../lib/gcc/arm-none-eabi/5.4.1/../../../../arm-none-eabi/lib/armv7-m\libg.a(lib_a-memcpy.o)
 .ARM.attributes
                0x000004d1       0x2d c:/program files (x86)/gnu tools arm embedded/5.4 2016q3/bin/../lib/gcc/arm-none-eabi/5.4.1/../../../../arm-none-eabi/lib/armv7-m\libg.a(lib_a-mlock.o)
 .ARM.attributes
                0x000004fe       0x2d c:/program files (x86)/gnu tools arm embedded/5.4 2016q3/bin/../lib/gcc/arm-none-eabi/5.4.1/../../../../arm-none-eabi/lib/armv7-m\libg.a(lib_a-mprec.o)
 .ARM.attributes
                0x0000052b       0x2d c:/program files (x86)/gnu tools arm embedded/5.4 2016q3/bin/../lib/gcc/arm-none-eabi/5.4.1/../../../../arm-none-eabi/lib/armv7-m\libg.a(lib_a-sbrkr.o)
 .ARM.attributes
                0x00000558       0x2d c:/program files (x86)/gnu tools arm embedded/5.4 2016q3/bin/../lib/gcc/arm-none-eabi/5.4.1/../../../../arm-none-eabi/lib/armv7-m\libg.a(lib_a-svfiprintf.o)
 .ARM.attributes
                0x00000585       0x2d c:/program files (x86)/gnu tools arm embedded/5.4 2016q3/bin/../lib/gcc/arm-none-eabi/5.4.1/../../../../arm-none-eabi/lib/armv7-m\libg.a(lib_a-callocr.o)
 .ARM.attributes
                0x000005b2       0x2d c:/program files (x86)/gnu tools arm embedded/5.4 2016q3/bin/../lib/gcc/arm-none-eabi/5.4.1/../../../../arm-none-eabi/lib/armv7-m\libg.a(lib_a-freer.o)
 .ARM.attributes
                0x000005df       0x2d c:/program files (x86)/gnu tools arm embedded/5.4 2016q3/bin/../lib/gcc/arm-none-eabi/5.4.1/../../../../arm-none-eabi/lib/armv7-m\libg.a(lib_a-locale.o)
 .ARM.attributes
                0x0000060c       0x2d c:/program files (x86)/gnu tools arm embedded/5.4 2016q3/bin/../lib/gcc/arm-none-eabi/5.4.1/../../../../arm-none-eabi/lib/armv7-m\libg.a(lib_a-mbtowc_r.o)
 .ARM.attributes
                0x00000639       0x2d c:/program files (x86)/gnu tools arm embedded/5.4 2016q3/bin/../lib/gcc/arm-none-eabi/5.4.1/../../../../arm-none-eabi/lib/armv7-m\libg.a(lib_a-memmove.o)
 .ARM.attributes
                0x00000666       0x2d c:/program files (x86)/gnu tools arm embedded/5.4 2016q3/bin/../lib/gcc/arm-none-eabi/5.4.1/../../../../arm-none-eabi/lib/armv7-m\libg.a(lib_a-reallocr.o)
 .ARM.attributes
                0x00000693       0x2d c:/program files (x86)/gnu tools arm embedded/5.4 2016q3/bin/../lib/gcc/arm-none-eabi/5.4.1/../../../../arm-none-eabi/lib/armv7-m\libg.a(lib_a-reent.o)
 .ARM.attributes
                0x000006c0       0x2d c:/program files (x86)/gnu tools arm embedded/5.4 2016q3/bin/../lib/gcc/arm-none-eabi/5.4.1/../../../../arm-none-eabi/lib/armv7-m\libg.a(lib_a-wctomb_r.o)
 .ARM.attributes
                0x000006ed       0x2d c:/program files (x86)/gnu tools arm embedded/5.4 2016q3/bin/../lib/gcc/arm-none-eabi/5.4.1/../../../../arm-none-eabi/lib/armv7-m\libg.a(lib_a-ctype_.o)
 .ARM.attributes
                0x0000071a       0x1d c:/program files (x86)/gnu tools arm embedded/5.4 2016q3/bin/../lib/gcc/arm-none-eabi/5.4.1/armv7-m\libgcc.a(_arm_cmpdf2.o)
 .ARM.attributes
                0x00000737       0x1d c:/program files (x86)/gnu tools arm embedded/5.4 2016q3/bin/../lib/gcc/arm-none-eabi/5.4.1/armv7-m\libgcc.a(_arm_unorddf2.o)
 .ARM.attributes
                0x00000754       0x1d c:/program files (x86)/gnu tools arm embedded/5.4 2016q3/bin/../lib/gcc/arm-none-eabi/5.4.1/armv7-m\libgcc.a(_arm_fixdfsi.o)
 .ARM.attributes
                0x00000771       0x1d c:/program files (x86)/gnu tools arm embedded/5.4 2016q3/bin/../lib/gcc/arm-none-eabi/5.4.1/armv7-m\libgcc.a(_aeabi_uldivmod.o)
 .ARM.attributes
                0x0000078e       0x2d c:/program files (x86)/gnu tools arm embedded/5.4 2016q3/bin/../lib/gcc/arm-none-eabi/5.4.1/armv7-m\libgcc.a(_udivmoddi4.o)
 .ARM.attributes
                0x000007bb       0x1d c:/program files (x86)/gnu tools arm embedded/5.4 2016q3/bin/../lib/gcc/arm-none-eabi/5.4.1/armv7-m\libgcc.a(_dvmd_tls.o)

.debug_frame    0x00000000     0x3014
 .debug_frame   0x00000000      0xe2c ..\obj\stm32f10x_tim.o
 .debug_frame   0x00000e2c       0x98 ..\obj\system_stm32f10x.o
 .debug_frame   0x00000ec4       0x4c ..\obj\startup_stm32f10x_md.o
 .debug_frame   0x00000f10      0x3f0 ..\obj\stm32f10x_can.o
 .debug_frame   0x00001300      0x2d0 ..\obj\stm32f10x_gpio.o
 .debug_frame   0x000015d0       0xdc ..\obj\main.o
 .debug_frame   0x000016ac       0xa0 ..\obj\can.o
 .debug_frame   0x0000174c      0x4f4 ..\obj\stm32f10x_rcc.o
 .debug_frame   0x00001c40       0x38 ..\obj\fonts.o
 .debug_frame   0x00001c78      0x168 ..\obj\syscalls.o
 .debug_frame   0x00001de0      0x114 ..\obj\ssd1306_i2c.o
 .debug_frame   0x00001ef4       0xd8 ..\obj\misc.o
 .debug_frame   0x00001fcc      0x28c ..\obj\ssd1306.o
 .debug_frame   0x00002258      0x530 ..\obj\stm32f10x_i2c.o
 .debug_frame   0x00002788       0x34 c:/program files (x86)/gnu tools arm embedded/5.4 2016q3/bin/../lib/gcc/arm-none-eabi/5.4.1/../../../../arm-none-eabi/lib/armv7-m\libg.a(lib_a-memset.o)
 .debug_frame   0x000027bc       0x84 c:/program files (x86)/gnu tools arm embedded/5.4 2016q3/bin/../lib/gcc/arm-none-eabi/5.4.1/../../../../arm-none-eabi/lib/armv7-m\libg.a(lib_a-sprintf.o)
 .debug_frame   0x00002840       0x20 c:/program files (x86)/gnu tools arm embedded/5.4 2016q3/bin/../lib/gcc/arm-none-eabi/5.4.1/../../../../arm-none-eabi/lib/armv7-m\libg.a(lib_a-strlen-stub.o)
 .debug_frame   0x00002860       0x44 c:/program files (x86)/gnu tools arm embedded/5.4 2016q3/bin/../lib/gcc/arm-none-eabi/5.4.1/../../../../arm-none-eabi/lib/armv7-m\libg.a(lib_a-svfprintf.o)
 .debug_frame   0x000028a4       0x84 c:/program files (x86)/gnu tools arm embedded/5.4 2016q3/bin/../lib/gcc/arm-none-eabi/5.4.1/../../../../arm-none-eabi/lib/armv7-m\libg.a(lib_a-dtoa.o)
 .debug_frame   0x00002928       0x40 c:/program files (x86)/gnu tools arm embedded/5.4 2016q3/bin/../lib/gcc/arm-none-eabi/5.4.1/../../../../arm-none-eabi/lib/armv7-m\libg.a(lib_a-localeconv.o)
 .debug_frame   0x00002968       0x54 c:/program files (x86)/gnu tools arm embedded/5.4 2016q3/bin/../lib/gcc/arm-none-eabi/5.4.1/../../../../arm-none-eabi/lib/armv7-m\libg.a(lib_a-mallocr.o)
 .debug_frame   0x000029bc       0x34 c:/program files (x86)/gnu tools arm embedded/5.4 2016q3/bin/../lib/gcc/arm-none-eabi/5.4.1/../../../../arm-none-eabi/lib/armv7-m\libg.a(lib_a-memchr-stub.o)
 .debug_frame   0x000029f0       0x30 c:/program files (x86)/gnu tools arm embedded/5.4 2016q3/bin/../lib/gcc/arm-none-eabi/5.4.1/../../../../arm-none-eabi/lib/armv7-m\libg.a(lib_a-mlock.o)
 .debug_frame   0x00002a20      0x264 c:/program files (x86)/gnu tools arm embedded/5.4 2016q3/bin/../lib/gcc/arm-none-eabi/5.4.1/../../../../arm-none-eabi/lib/armv7-m\libg.a(lib_a-mprec.o)
 .debug_frame   0x00002c84       0x2c c:/program files (x86)/gnu tools arm embedded/5.4 2016q3/bin/../lib/gcc/arm-none-eabi/5.4.1/../../../../arm-none-eabi/lib/armv7-m\libg.a(lib_a-sbrkr.o)
 .debug_frame   0x00002cb0       0x78 c:/program files (x86)/gnu tools arm embedded/5.4 2016q3/bin/../lib/gcc/arm-none-eabi/5.4.1/../../../../arm-none-eabi/lib/armv7-m\libg.a(lib_a-svfiprintf.o)
 .debug_frame   0x00002d28       0x28 c:/program files (x86)/gnu tools arm embedded/5.4 2016q3/bin/../lib/gcc/arm-none-eabi/5.4.1/../../../../arm-none-eabi/lib/armv7-m\libg.a(lib_a-callocr.o)
 .debug_frame   0x00002d50       0x74 c:/program files (x86)/gnu tools arm embedded/5.4 2016q3/bin/../lib/gcc/arm-none-eabi/5.4.1/../../../../arm-none-eabi/lib/armv7-m\libg.a(lib_a-freer.o)
 .debug_frame   0x00002dc4       0x84 c:/program files (x86)/gnu tools arm embedded/5.4 2016q3/bin/../lib/gcc/arm-none-eabi/5.4.1/../../../../arm-none-eabi/lib/armv7-m\libg.a(lib_a-locale.o)
 .debug_frame   0x00002e48       0x4c c:/program files (x86)/gnu tools arm embedded/5.4 2016q3/bin/../lib/gcc/arm-none-eabi/5.4.1/../../../../arm-none-eabi/lib/armv7-m\libg.a(lib_a-mbtowc_r.o)
 .debug_frame   0x00002e94       0x30 c:/program files (x86)/gnu tools arm embedded/5.4 2016q3/bin/../lib/gcc/arm-none-eabi/5.4.1/../../../../arm-none-eabi/lib/armv7-m\libg.a(lib_a-memmove.o)
 .debug_frame   0x00002ec4       0x58 c:/program files (x86)/gnu tools arm embedded/5.4 2016q3/bin/../lib/gcc/arm-none-eabi/5.4.1/../../../../arm-none-eabi/lib/armv7-m\libg.a(lib_a-reallocr.o)
 .debug_frame   0x00002f1c       0x58 c:/program files (x86)/gnu tools arm embedded/5.4 2016q3/bin/../lib/gcc/arm-none-eabi/5.4.1/../../../../arm-none-eabi/lib/armv7-m\libg.a(lib_a-reent.o)
 .debug_frame   0x00002f74       0x3c c:/program files (x86)/gnu tools arm embedded/5.4 2016q3/bin/../lib/gcc/arm-none-eabi/5.4.1/../../../../arm-none-eabi/lib/armv7-m\libg.a(lib_a-wctomb_r.o)
 .debug_frame   0x00002fb0       0x2c c:/program files (x86)/gnu tools arm embedded/5.4 2016q3/bin/../lib/gcc/arm-none-eabi/5.4.1/armv7-m\libgcc.a(_aeabi_uldivmod.o)
 .debug_frame   0x00002fdc       0x38 c:/program files (x86)/gnu tools arm embedded/5.4 2016q3/bin/../lib/gcc/arm-none-eabi/5.4.1/armv7-m\libgcc.a(_udivmoddi4.o)
